<?xml version="1.0" encoding="ISO-8859-1" ?>
<link_info>
   <banner>TI ARM Linker PC v20.2.7.LTS</banner>
   <copyright>Copyright (c) 1996-2018 Texas Instruments Incorporated</copyright>
   <link_time>0x64b4ff57</link_time>
   <link_errors>0x0</link_errors>
   <output_file>Intelligent drug delivery car.out</output_file>
   <entry_point>
      <name>_c_int00_noargs</name>
      <address>0x2db1</address>
   </entry_point>
   <input_file_list>
      <input_file id="fl-2">
         <path>.\</path>
         <kind>object</kind>
         <file>main.obj</file>
         <name>main.obj</name>
      </input_file>
      <input_file id="fl-3">
         <path>.\</path>
         <kind>object</kind>
         <file>tm4c123gh6pm_startup_ccs.obj</file>
         <name>tm4c123gh6pm_startup_ccs.obj</name>
      </input_file>
      <input_file id="fl-4">
         <path>.\drivers\</path>
         <kind>object</kind>
         <file>HC-05.obj</file>
         <name>HC-05.obj</name>
      </input_file>
      <input_file id="fl-5">
         <path>.\drivers\</path>
         <kind>object</kind>
         <file>MPU6050.obj</file>
         <name>MPU6050.obj</name>
      </input_file>
      <input_file id="fl-6">
         <path>.\drivers\</path>
         <kind>object</kind>
         <file>OLED.obj</file>
         <name>OLED.obj</name>
      </input_file>
      <input_file id="fl-7">
         <path>.\drivers\</path>
         <kind>object</kind>
         <file>SSD1306.obj</file>
         <name>SSD1306.obj</name>
      </input_file>
      <input_file id="fl-8">
         <path>.\drivers\</path>
         <kind>object</kind>
         <file>motor.obj</file>
         <name>motor.obj</name>
      </input_file>
      <input_file id="fl-9">
         <path>.\drivers\</path>
         <kind>object</kind>
         <file>myiic.obj</file>
         <name>myiic.obj</name>
      </input_file>
      <input_file id="fl-a">
         <path>.\lib\driverlib\</path>
         <kind>object</kind>
         <file>adc.obj</file>
         <name>adc.obj</name>
      </input_file>
      <input_file id="fl-b">
         <path>.\lib\driverlib\</path>
         <kind>object</kind>
         <file>aes.obj</file>
         <name>aes.obj</name>
      </input_file>
      <input_file id="fl-c">
         <path>.\lib\driverlib\</path>
         <kind>object</kind>
         <file>can.obj</file>
         <name>can.obj</name>
      </input_file>
      <input_file id="fl-d">
         <path>.\lib\driverlib\</path>
         <kind>object</kind>
         <file>comp.obj</file>
         <name>comp.obj</name>
      </input_file>
      <input_file id="fl-e">
         <path>.\lib\driverlib\</path>
         <kind>object</kind>
         <file>cpu.obj</file>
         <name>cpu.obj</name>
      </input_file>
      <input_file id="fl-f">
         <path>.\lib\driverlib\</path>
         <kind>object</kind>
         <file>crc.obj</file>
         <name>crc.obj</name>
      </input_file>
      <input_file id="fl-10">
         <path>.\lib\driverlib\</path>
         <kind>object</kind>
         <file>des.obj</file>
         <name>des.obj</name>
      </input_file>
      <input_file id="fl-11">
         <path>.\lib\driverlib\</path>
         <kind>object</kind>
         <file>eeprom.obj</file>
         <name>eeprom.obj</name>
      </input_file>
      <input_file id="fl-12">
         <path>.\lib\driverlib\</path>
         <kind>object</kind>
         <file>emac.obj</file>
         <name>emac.obj</name>
      </input_file>
      <input_file id="fl-13">
         <path>.\lib\driverlib\</path>
         <kind>object</kind>
         <file>epi.obj</file>
         <name>epi.obj</name>
      </input_file>
      <input_file id="fl-14">
         <path>.\lib\driverlib\</path>
         <kind>object</kind>
         <file>epi_workaround_ccs.obj</file>
         <name>epi_workaround_ccs.obj</name>
      </input_file>
      <input_file id="fl-15">
         <path>.\lib\driverlib\</path>
         <kind>object</kind>
         <file>flash.obj</file>
         <name>flash.obj</name>
      </input_file>
      <input_file id="fl-16">
         <path>.\lib\driverlib\</path>
         <kind>object</kind>
         <file>fpu.obj</file>
         <name>fpu.obj</name>
      </input_file>
      <input_file id="fl-17">
         <path>.\lib\driverlib\</path>
         <kind>object</kind>
         <file>gpio.obj</file>
         <name>gpio.obj</name>
      </input_file>
      <input_file id="fl-18">
         <path>.\lib\driverlib\</path>
         <kind>object</kind>
         <file>hibernate.obj</file>
         <name>hibernate.obj</name>
      </input_file>
      <input_file id="fl-19">
         <path>.\lib\driverlib\</path>
         <kind>object</kind>
         <file>i2c.obj</file>
         <name>i2c.obj</name>
      </input_file>
      <input_file id="fl-1a">
         <path>.\lib\driverlib\</path>
         <kind>object</kind>
         <file>interrupt.obj</file>
         <name>interrupt.obj</name>
      </input_file>
      <input_file id="fl-1b">
         <path>.\lib\driverlib\</path>
         <kind>object</kind>
         <file>lcd.obj</file>
         <name>lcd.obj</name>
      </input_file>
      <input_file id="fl-1c">
         <path>.\lib\driverlib\</path>
         <kind>object</kind>
         <file>mpu.obj</file>
         <name>mpu.obj</name>
      </input_file>
      <input_file id="fl-1d">
         <path>.\lib\driverlib\</path>
         <kind>object</kind>
         <file>onewire.obj</file>
         <name>onewire.obj</name>
      </input_file>
      <input_file id="fl-1e">
         <path>.\lib\driverlib\</path>
         <kind>object</kind>
         <file>pwm.obj</file>
         <name>pwm.obj</name>
      </input_file>
      <input_file id="fl-1f">
         <path>.\lib\driverlib\</path>
         <kind>object</kind>
         <file>qei.obj</file>
         <name>qei.obj</name>
      </input_file>
      <input_file id="fl-20">
         <path>.\lib\driverlib\</path>
         <kind>object</kind>
         <file>shamd5.obj</file>
         <name>shamd5.obj</name>
      </input_file>
      <input_file id="fl-21">
         <path>.\lib\driverlib\</path>
         <kind>object</kind>
         <file>ssi.obj</file>
         <name>ssi.obj</name>
      </input_file>
      <input_file id="fl-22">
         <path>.\lib\driverlib\</path>
         <kind>object</kind>
         <file>sw_crc.obj</file>
         <name>sw_crc.obj</name>
      </input_file>
      <input_file id="fl-23">
         <path>.\lib\driverlib\</path>
         <kind>object</kind>
         <file>sysctl.obj</file>
         <name>sysctl.obj</name>
      </input_file>
      <input_file id="fl-24">
         <path>.\lib\driverlib\</path>
         <kind>object</kind>
         <file>sysexc.obj</file>
         <name>sysexc.obj</name>
      </input_file>
      <input_file id="fl-25">
         <path>.\lib\driverlib\</path>
         <kind>object</kind>
         <file>systick.obj</file>
         <name>systick.obj</name>
      </input_file>
      <input_file id="fl-26">
         <path>.\lib\driverlib\</path>
         <kind>object</kind>
         <file>timer.obj</file>
         <name>timer.obj</name>
      </input_file>
      <input_file id="fl-27">
         <path>.\lib\driverlib\</path>
         <kind>object</kind>
         <file>uart.obj</file>
         <name>uart.obj</name>
      </input_file>
      <input_file id="fl-28">
         <path>.\lib\driverlib\</path>
         <kind>object</kind>
         <file>udma.obj</file>
         <name>udma.obj</name>
      </input_file>
      <input_file id="fl-29">
         <path>.\lib\driverlib\</path>
         <kind>object</kind>
         <file>usb.obj</file>
         <name>usb.obj</name>
      </input_file>
      <input_file id="fl-2a">
         <path>.\lib\driverlib\</path>
         <kind>object</kind>
         <file>watchdog.obj</file>
         <name>watchdog.obj</name>
      </input_file>
      <input_file id="fl-2b">
         <path>.\lib\sensorlib\</path>
         <kind>object</kind>
         <file>ak8963.obj</file>
         <name>ak8963.obj</name>
      </input_file>
      <input_file id="fl-2c">
         <path>.\lib\sensorlib\</path>
         <kind>object</kind>
         <file>ak8975.obj</file>
         <name>ak8975.obj</name>
      </input_file>
      <input_file id="fl-2d">
         <path>.\lib\sensorlib\</path>
         <kind>object</kind>
         <file>bmp180.obj</file>
         <name>bmp180.obj</name>
      </input_file>
      <input_file id="fl-2e">
         <path>.\lib\sensorlib\</path>
         <kind>object</kind>
         <file>bq27510g3.obj</file>
         <name>bq27510g3.obj</name>
      </input_file>
      <input_file id="fl-2f">
         <path>.\lib\sensorlib\</path>
         <kind>object</kind>
         <file>cm3218.obj</file>
         <name>cm3218.obj</name>
      </input_file>
      <input_file id="fl-30">
         <path>.\lib\sensorlib\</path>
         <kind>object</kind>
         <file>comp_dcm.obj</file>
         <name>comp_dcm.obj</name>
      </input_file>
      <input_file id="fl-31">
         <path>.\lib\sensorlib\</path>
         <kind>object</kind>
         <file>i2cm_drv.obj</file>
         <name>i2cm_drv.obj</name>
      </input_file>
      <input_file id="fl-32">
         <path>.\lib\sensorlib\</path>
         <kind>object</kind>
         <file>isl29023.obj</file>
         <name>isl29023.obj</name>
      </input_file>
      <input_file id="fl-33">
         <path>.\lib\sensorlib\</path>
         <kind>object</kind>
         <file>kxti9.obj</file>
         <name>kxti9.obj</name>
      </input_file>
      <input_file id="fl-34">
         <path>.\lib\sensorlib\</path>
         <kind>object</kind>
         <file>l3gd20h.obj</file>
         <name>l3gd20h.obj</name>
      </input_file>
      <input_file id="fl-35">
         <path>.\lib\sensorlib\</path>
         <kind>object</kind>
         <file>lsm303d.obj</file>
         <name>lsm303d.obj</name>
      </input_file>
      <input_file id="fl-36">
         <path>.\lib\sensorlib\</path>
         <kind>object</kind>
         <file>lsm303dlhc_accel.obj</file>
         <name>lsm303dlhc_accel.obj</name>
      </input_file>
      <input_file id="fl-37">
         <path>.\lib\sensorlib\</path>
         <kind>object</kind>
         <file>lsm303dlhc_mag.obj</file>
         <name>lsm303dlhc_mag.obj</name>
      </input_file>
      <input_file id="fl-38">
         <path>.\lib\sensorlib\</path>
         <kind>object</kind>
         <file>magneto.obj</file>
         <name>magneto.obj</name>
      </input_file>
      <input_file id="fl-39">
         <path>.\lib\sensorlib\</path>
         <kind>object</kind>
         <file>mpu6050.obj</file>
         <name>mpu6050.obj</name>
      </input_file>
      <input_file id="fl-3a">
         <path>.\lib\sensorlib\</path>
         <kind>object</kind>
         <file>mpu9150.obj</file>
         <name>mpu9150.obj</name>
      </input_file>
      <input_file id="fl-3b">
         <path>.\lib\sensorlib\</path>
         <kind>object</kind>
         <file>quaternion.obj</file>
         <name>quaternion.obj</name>
      </input_file>
      <input_file id="fl-3c">
         <path>.\lib\sensorlib\</path>
         <kind>object</kind>
         <file>sht21.obj</file>
         <name>sht21.obj</name>
      </input_file>
      <input_file id="fl-3d">
         <path>.\lib\sensorlib\</path>
         <kind>object</kind>
         <file>tmp006.obj</file>
         <name>tmp006.obj</name>
      </input_file>
      <input_file id="fl-3e">
         <path>.\lib\sensorlib\</path>
         <kind>object</kind>
         <file>tmp100.obj</file>
         <name>tmp100.obj</name>
      </input_file>
      <input_file id="fl-3f">
         <path>.\lib\sensorlib\</path>
         <kind>object</kind>
         <file>vector.obj</file>
         <name>vector.obj</name>
      </input_file>
      <input_file id="fl-40">
         <path>.\lib\utils\</path>
         <kind>object</kind>
         <file>cmdline.obj</file>
         <name>cmdline.obj</name>
      </input_file>
      <input_file id="fl-41">
         <path>.\lib\utils\</path>
         <kind>object</kind>
         <file>cpu_usage.obj</file>
         <name>cpu_usage.obj</name>
      </input_file>
      <input_file id="fl-42">
         <path>.\lib\utils\</path>
         <kind>object</kind>
         <file>eeprom_pb.obj</file>
         <name>eeprom_pb.obj</name>
      </input_file>
      <input_file id="fl-43">
         <path>.\lib\utils\</path>
         <kind>object</kind>
         <file>flash_pb.obj</file>
         <name>flash_pb.obj</name>
      </input_file>
      <input_file id="fl-44">
         <path>.\lib\utils\</path>
         <kind>object</kind>
         <file>isqrt.obj</file>
         <name>isqrt.obj</name>
      </input_file>
      <input_file id="fl-45">
         <path>.\lib\utils\</path>
         <kind>object</kind>
         <file>random.obj</file>
         <name>random.obj</name>
      </input_file>
      <input_file id="fl-46">
         <path>.\lib\utils\</path>
         <kind>object</kind>
         <file>ringbuf.obj</file>
         <name>ringbuf.obj</name>
      </input_file>
      <input_file id="fl-47">
         <path>.\lib\utils\</path>
         <kind>object</kind>
         <file>scheduler.obj</file>
         <name>scheduler.obj</name>
      </input_file>
      <input_file id="fl-48">
         <path>.\lib\utils\</path>
         <kind>object</kind>
         <file>sine.obj</file>
         <name>sine.obj</name>
      </input_file>
      <input_file id="fl-49">
         <path>.\lib\utils\</path>
         <kind>object</kind>
         <file>smbus.obj</file>
         <name>smbus.obj</name>
      </input_file>
      <input_file id="fl-4a">
         <path>.\lib\utils\</path>
         <kind>object</kind>
         <file>softi2c.obj</file>
         <name>softi2c.obj</name>
      </input_file>
      <input_file id="fl-4b">
         <path>.\lib\utils\</path>
         <kind>object</kind>
         <file>softssi.obj</file>
         <name>softssi.obj</name>
      </input_file>
      <input_file id="fl-4c">
         <path>.\lib\utils\</path>
         <kind>object</kind>
         <file>softuart.obj</file>
         <name>softuart.obj</name>
      </input_file>
      <input_file id="fl-4d">
         <path>.\lib\utils\</path>
         <kind>object</kind>
         <file>spi_flash.obj</file>
         <name>spi_flash.obj</name>
      </input_file>
      <input_file id="fl-4e">
         <path>.\lib\utils\</path>
         <kind>object</kind>
         <file>uartstdio.obj</file>
         <name>uartstdio.obj</name>
      </input_file>
      <input_file id="fl-4f">
         <path>.\lib\utils\</path>
         <kind>object</kind>
         <file>ustdlib.obj</file>
         <name>ustdlib.obj</name>
      </input_file>
      <input_file id="fl-5b">
         <kind>object</kind>
         <file>&lt;internal&gt;</file>
         <name>&lt;internal&gt;</name>
      </input_file>
      <input_file id="fl-111">
         <path>E:\programs\CCS\ccs\tools\compiler\ti-cgt-arm_20.2.7.LTS\lib\</path>
         <kind>archive</kind>
         <file>rtsv7M4_T_le_v4SPD16_eabi.lib</file>
         <name>e_acosf.c.obj</name>
      </input_file>
      <input_file id="fl-112">
         <path>E:\programs\CCS\ccs\tools\compiler\ti-cgt-arm_20.2.7.LTS\lib\</path>
         <kind>archive</kind>
         <file>rtsv7M4_T_le_v4SPD16_eabi.lib</file>
         <name>e_asinf.c.obj</name>
      </input_file>
      <input_file id="fl-113">
         <path>E:\programs\CCS\ccs\tools\compiler\ti-cgt-arm_20.2.7.LTS\lib\</path>
         <kind>archive</kind>
         <file>rtsv7M4_T_le_v4SPD16_eabi.lib</file>
         <name>e_atan2f.c.obj</name>
      </input_file>
      <input_file id="fl-114">
         <path>E:\programs\CCS\ccs\tools\compiler\ti-cgt-arm_20.2.7.LTS\lib\</path>
         <kind>archive</kind>
         <file>rtsv7M4_T_le_v4SPD16_eabi.lib</file>
         <name>e_sqrtf.c.obj</name>
      </input_file>
      <input_file id="fl-115">
         <path>E:\programs\CCS\ccs\tools\compiler\ti-cgt-arm_20.2.7.LTS\lib\</path>
         <kind>archive</kind>
         <file>rtsv7M4_T_le_v4SPD16_eabi.lib</file>
         <name>s_atanf.c.obj</name>
      </input_file>
      <input_file id="fl-116">
         <path>E:\programs\CCS\ccs\tools\compiler\ti-cgt-arm_20.2.7.LTS\lib\</path>
         <kind>archive</kind>
         <file>rtsv7M4_T_le_v4SPD16_eabi.lib</file>
         <name>s_cosf.c.obj</name>
      </input_file>
      <input_file id="fl-117">
         <path>E:\programs\CCS\ccs\tools\compiler\ti-cgt-arm_20.2.7.LTS\lib\</path>
         <kind>archive</kind>
         <file>rtsv7M4_T_le_v4SPD16_eabi.lib</file>
         <name>s_sinf.c.obj</name>
      </input_file>
      <input_file id="fl-118">
         <path>E:\programs\CCS\ccs\tools\compiler\ti-cgt-arm_20.2.7.LTS\lib\</path>
         <kind>archive</kind>
         <file>rtsv7M4_T_le_v4SPD16_eabi.lib</file>
         <name>e_sqrt.c.obj</name>
      </input_file>
      <input_file id="fl-119">
         <path>E:\programs\CCS\ccs\tools\compiler\ti-cgt-arm_20.2.7.LTS\lib\</path>
         <kind>archive</kind>
         <file>rtsv7M4_T_le_v4SPD16_eabi.lib</file>
         <name>fd_add_t2.asm.obj</name>
      </input_file>
      <input_file id="fl-11a">
         <path>E:\programs\CCS\ccs\tools\compiler\ti-cgt-arm_20.2.7.LTS\lib\</path>
         <kind>archive</kind>
         <file>rtsv7M4_T_le_v4SPD16_eabi.lib</file>
         <name>fd_div_t2.asm.obj</name>
      </input_file>
      <input_file id="fl-11b">
         <path>E:\programs\CCS\ccs\tools\compiler\ti-cgt-arm_20.2.7.LTS\lib\</path>
         <kind>archive</kind>
         <file>rtsv7M4_T_le_v4SPD16_eabi.lib</file>
         <name>fd_mul_t2.asm.obj</name>
      </input_file>
      <input_file id="fl-11c">
         <path>E:\programs\CCS\ccs\tools\compiler\ti-cgt-arm_20.2.7.LTS\lib\</path>
         <kind>archive</kind>
         <file>rtsv7M4_T_le_v4SPD16_eabi.lib</file>
         <name>fd_tos_t2.asm.obj</name>
      </input_file>
      <input_file id="fl-11d">
         <path>E:\programs\CCS\ccs\tools\compiler\ti-cgt-arm_20.2.7.LTS\lib\</path>
         <kind>archive</kind>
         <file>rtsv7M4_T_le_v4SPD16_eabi.lib</file>
         <name>fd_tou_t2.asm.obj</name>
      </input_file>
      <input_file id="fl-11e">
         <path>E:\programs\CCS\ccs\tools\compiler\ti-cgt-arm_20.2.7.LTS\lib\</path>
         <kind>archive</kind>
         <file>rtsv7M4_T_le_v4SPD16_eabi.lib</file>
         <name>fs_tod_t2.asm.obj</name>
      </input_file>
      <input_file id="fl-11f">
         <path>E:\programs\CCS\ccs\tools\compiler\ti-cgt-arm_20.2.7.LTS\lib\</path>
         <kind>archive</kind>
         <file>rtsv7M4_T_le_v4SPD16_eabi.lib</file>
         <name>u_tofd_t2.asm.obj</name>
      </input_file>
      <input_file id="fl-120">
         <path>E:\programs\CCS\ccs\tools\compiler\ti-cgt-arm_20.2.7.LTS\lib\</path>
         <kind>archive</kind>
         <file>rtsv7M4_T_le_v4SPD16_eabi.lib</file>
         <name>memset_t2.asm.obj</name>
      </input_file>
      <input_file id="fl-121">
         <path>E:\programs\CCS\ccs\tools\compiler\ti-cgt-arm_20.2.7.LTS\lib\</path>
         <kind>archive</kind>
         <file>rtsv7M4_T_le_v4SPD16_eabi.lib</file>
         <name>u_divt2.asm.obj</name>
      </input_file>
      <input_file id="fl-122">
         <path>E:\programs\CCS\ccs\tools\compiler\ti-cgt-arm_20.2.7.LTS\lib\</path>
         <kind>archive</kind>
         <file>rtsv7M4_T_le_v4SPD16_eabi.lib</file>
         <name>copy_zero_init.c.obj</name>
      </input_file>
      <input_file id="fl-123">
         <path>E:\programs\CCS\ccs\tools\compiler\ti-cgt-arm_20.2.7.LTS\lib\</path>
         <kind>archive</kind>
         <file>rtsv7M4_T_le_v4SPD16_eabi.lib</file>
         <name>copy_decompress_none.c.obj</name>
      </input_file>
      <input_file id="fl-124">
         <path>E:\programs\CCS\ccs\tools\compiler\ti-cgt-arm_20.2.7.LTS\lib\</path>
         <kind>archive</kind>
         <file>rtsv7M4_T_le_v4SPD16_eabi.lib</file>
         <name>copy_decompress_lzss.c.obj</name>
      </input_file>
      <input_file id="fl-125">
         <path>E:\programs\CCS\ccs\tools\compiler\ti-cgt-arm_20.2.7.LTS\lib\</path>
         <kind>archive</kind>
         <file>rtsv7M4_T_le_v4SPD16_eabi.lib</file>
         <name>strcmp.c.obj</name>
      </input_file>
      <input_file id="fl-126">
         <path>E:\programs\CCS\ccs\tools\compiler\ti-cgt-arm_20.2.7.LTS\lib\</path>
         <kind>archive</kind>
         <file>rtsv7M4_T_le_v4SPD16_eabi.lib</file>
         <name>boot_cortex_m.c.obj</name>
      </input_file>
      <input_file id="fl-127">
         <path>E:\programs\CCS\ccs\tools\compiler\ti-cgt-arm_20.2.7.LTS\lib\</path>
         <kind>archive</kind>
         <file>rtsv7M4_T_le_v4SPD16_eabi.lib</file>
         <name>errno.c.obj</name>
      </input_file>
      <input_file id="fl-128">
         <path>E:\programs\CCS\ccs\tools\compiler\ti-cgt-arm_20.2.7.LTS\lib\</path>
         <kind>archive</kind>
         <file>rtsv7M4_T_le_v4SPD16_eabi.lib</file>
         <name>div0.asm.obj</name>
      </input_file>
      <input_file id="fl-129">
         <path>E:\programs\CCS\ccs\tools\compiler\ti-cgt-arm_20.2.7.LTS\lib\</path>
         <kind>archive</kind>
         <file>rtsv7M4_T_le_v4SPD16_eabi.lib</file>
         <name>memcpy_t2.asm.obj</name>
      </input_file>
      <input_file id="fl-12a">
         <path>E:\programs\CCS\ccs\tools\compiler\ti-cgt-arm_20.2.7.LTS\lib\</path>
         <kind>archive</kind>
         <file>rtsv7M4_T_le_v4SPD16_eabi.lib</file>
         <name>autoinit.c.obj</name>
      </input_file>
      <input_file id="fl-12b">
         <path>E:\programs\CCS\ccs\tools\compiler\ti-cgt-arm_20.2.7.LTS\lib\</path>
         <kind>archive</kind>
         <file>rtsv7M4_T_le_v4SPD16_eabi.lib</file>
         <name>pre_init.c.obj</name>
      </input_file>
      <input_file id="fl-12c">
         <path>E:\programs\CCS\ccs\tools\compiler\ti-cgt-arm_20.2.7.LTS\lib\</path>
         <kind>archive</kind>
         <file>rtsv7M4_T_le_v4SPD16_eabi.lib</file>
         <name>cpy_tbl.c.obj</name>
      </input_file>
      <input_file id="fl-12d">
         <path>E:\programs\CCS\ccs\tools\compiler\ti-cgt-arm_20.2.7.LTS\lib\</path>
         <kind>archive</kind>
         <file>rtsv7M4_T_le_v4SPD16_eabi.lib</file>
         <name>exit.c.obj</name>
      </input_file>
      <input_file id="fl-12e">
         <path>E:\programs\CCS\ccs\tools\compiler\ti-cgt-arm_20.2.7.LTS\lib\</path>
         <kind>archive</kind>
         <file>rtsv7M4_T_le_v4SPD16_eabi.lib</file>
         <name>_lock.c.obj</name>
      </input_file>
      <input_file id="fl-12f">
         <path>E:\programs\CCS\ccs\tools\compiler\ti-cgt-arm_20.2.7.LTS\lib\</path>
         <kind>archive</kind>
         <file>rtsv7M4_T_le_v4SPD16_eabi.lib</file>
         <name>args_main.c.obj</name>
      </input_file>
   </input_file_list>
   <object_component_list>
      <object_component id="oc-12">
         <name>.intvecs</name>
         <load_address>0x0</load_address>
         <run_address>0x0</run_address>
         <size>0x26c</size>
         <input_file_ref idref="fl-3"/>
      </object_component>
      <object_component id="oc-c3">
         <name>.text</name>
         <load_address>0x26c</load_address>
         <run_address>0x26c</run_address>
         <size>0xf80</size>
         <input_file_ref idref="fl-23"/>
      </object_component>
      <object_component id="oc-13b">
         <name>.text</name>
         <load_address>0x11ec</load_address>
         <run_address>0x11ec</run_address>
         <size>0xc14</size>
         <input_file_ref idref="fl-17"/>
      </object_component>
      <object_component id="oc-141">
         <name>.text</name>
         <load_address>0x1e00</load_address>
         <run_address>0x1e00</run_address>
         <size>0x6f8</size>
         <input_file_ref idref="fl-19"/>
      </object_component>
      <object_component id="oc-11e">
         <name>.text</name>
         <load_address>0x24f8</load_address>
         <run_address>0x24f8</run_address>
         <size>0x3c0</size>
         <input_file_ref idref="fl-1a"/>
      </object_component>
      <object_component id="oc-cf">
         <name>.text</name>
         <load_address>0x28b8</load_address>
         <run_address>0x28b8</run_address>
         <size>0x2d0</size>
         <input_file_ref idref="fl-7"/>
      </object_component>
      <object_component id="oc-c9">
         <name>.text</name>
         <load_address>0x2b88</load_address>
         <run_address>0x2b88</run_address>
         <size>0x134</size>
         <input_file_ref idref="fl-6"/>
      </object_component>
      <object_component id="oc-9b">
         <name>.text</name>
         <load_address>0x2cbc</load_address>
         <run_address>0x2cbc</run_address>
         <size>0x70</size>
         <input_file_ref idref="fl-2"/>
      </object_component>
      <object_component id="oc-e2">
         <name>.text:__TI_auto_init_nobinit_nopinit:__TI_auto_init_nobinit_nopinit</name>
         <load_address>0x2d2c</load_address>
         <run_address>0x2d2c</run_address>
         <size>0x44</size>
         <input_file_ref idref="fl-12a"/>
      </object_component>
      <object_component id="oc-124">
         <name>.text</name>
         <load_address>0x2d70</load_address>
         <run_address>0x2d70</run_address>
         <size>0x3e</size>
         <input_file_ref idref="fl-e"/>
      </object_component>
      <object_component id="oc-59">
         <name>.text:_c_int00_noargs:_c_int00_noargs</name>
         <load_address>0x2db0</load_address>
         <run_address>0x2db0</run_address>
         <size>0x34</size>
         <input_file_ref idref="fl-126"/>
      </object_component>
      <object_component id="oc-47">
         <name>.text:decompress:ZI:__TI_zero_init_nomemset:__TI_zero_init_nomemset</name>
         <load_address>0x2de4</load_address>
         <run_address>0x2de4</run_address>
         <size>0x1c</size>
         <input_file_ref idref="fl-122"/>
      </object_component>
      <object_component id="oc-27">
         <name>.text</name>
         <load_address>0x2e00</load_address>
         <run_address>0x2e00</run_address>
         <size>0xc</size>
         <input_file_ref idref="fl-3"/>
      </object_component>
      <object_component id="oc-133">
         <name>.text:SysCtlDelay</name>
         <load_address>0x2e0c</load_address>
         <run_address>0x2e0c</run_address>
         <size>0x6</size>
         <input_file_ref idref="fl-23"/>
      </object_component>
      <object_component id="oc-95">
         <name>.text:_system_pre_init</name>
         <load_address>0x2e12</load_address>
         <run_address>0x2e12</run_address>
         <size>0x4</size>
         <input_file_ref idref="fl-12b"/>
      </object_component>
      <object_component id="oc-d6">
         <name>.text:abort:abort</name>
         <load_address>0x2e16</load_address>
         <run_address>0x2e16</run_address>
         <size>0x4</size>
         <input_file_ref idref="fl-12d"/>
      </object_component>
      <object_component id="oc-152">
         <name>.const:bigNumbers</name>
         <load_address>0x2e1c</load_address>
         <run_address>0x2e1c</run_address>
         <size>0x420</size>
         <input_file_ref idref="fl-7"/>
      </object_component>
      <object_component id="oc-14f">
         <name>.const:myFont</name>
         <load_address>0x323c</load_address>
         <run_address>0x323c</run_address>
         <size>0x300</size>
         <input_file_ref idref="fl-7"/>
      </object_component>
      <object_component id="oc-130">
         <name>.const:g_pppui32XTALtoVCO</name>
         <load_address>0x353c</load_address>
         <run_address>0x353c</run_address>
         <size>0x1b0</size>
         <input_file_ref idref="fl-23"/>
      </object_component>
      <object_component id="oc-1a0">
         <name>.const:g_ppui32GPIOIntMapSnowflake</name>
         <load_address>0x36ec</load_address>
         <run_address>0x36ec</run_address>
         <size>0xd8</size>
         <input_file_ref idref="fl-17"/>
      </object_component>
      <object_component id="oc-19d">
         <name>.const:g_ppui32GPIOIntMapBlizzard</name>
         <load_address>0x37c4</load_address>
         <run_address>0x37c4</run_address>
         <size>0xc0</size>
         <input_file_ref idref="fl-17"/>
      </object_component>
      <object_component id="oc-17f">
         <name>.const:g_pui32Regs</name>
         <load_address>0x3884</load_address>
         <run_address>0x3884</run_address>
         <size>0x9c</size>
         <input_file_ref idref="fl-1a"/>
      </object_component>
      <object_component id="oc-1a3">
         <name>.const:g_pui32GPIOBaseAddrs</name>
         <load_address>0x3920</load_address>
         <run_address>0x3920</run_address>
         <size>0x90</size>
         <input_file_ref idref="fl-17"/>
      </object_component>
      <object_component id="oc-12a">
         <name>.const:g_pui32Xtals</name>
         <load_address>0x39b0</load_address>
         <run_address>0x39b0</run_address>
         <size>0x6c</size>
         <input_file_ref idref="fl-23"/>
      </object_component>
      <object_component id="oc-1ab">
         <name>.const:g_ppui32I2CIntMapSnowflake</name>
         <load_address>0x3a1c</load_address>
         <run_address>0x3a1c</run_address>
         <size>0x50</size>
         <input_file_ref idref="fl-19"/>
      </object_component>
      <object_component id="oc-1a8">
         <name>.const:g_ppui32I2CIntMap</name>
         <load_address>0x3a6c</load_address>
         <run_address>0x3a6c</run_address>
         <size>0x30</size>
         <input_file_ref idref="fl-19"/>
      </object_component>
      <object_component id="oc-11b">
         <name>.const:g_sXTALtoMEMTIM</name>
         <load_address>0x3a9c</load_address>
         <run_address>0x3a9c</run_address>
         <size>0x30</size>
         <input_file_ref idref="fl-23"/>
      </object_component>
      <object_component id="oc-17c">
         <name>.const:g_pui32Priority</name>
         <load_address>0x3acc</load_address>
         <run_address>0x3acc</run_address>
         <size>0x20</size>
         <input_file_ref idref="fl-1a"/>
      </object_component>
      <object_component id="oc-185">
         <name>.const:g_pui32Dii16Regs</name>
         <load_address>0x3aec</load_address>
         <run_address>0x3aec</run_address>
         <size>0x14</size>
         <input_file_ref idref="fl-1a"/>
      </object_component>
      <object_component id="oc-182">
         <name>.const:g_pui32EnRegs</name>
         <load_address>0x3b00</load_address>
         <run_address>0x3b00</run_address>
         <size>0x14</size>
         <input_file_ref idref="fl-1a"/>
      </object_component>
      <object_component id="oc-188">
         <name>.const:g_pui32PendRegs</name>
         <load_address>0x3b14</load_address>
         <run_address>0x3b14</run_address>
         <size>0x14</size>
         <input_file_ref idref="fl-1a"/>
      </object_component>
      <object_component id="oc-18b">
         <name>.const:g_pui32UnpendRegs</name>
         <load_address>0x3b28</load_address>
         <run_address>0x3b28</run_address>
         <size>0x14</size>
         <input_file_ref idref="fl-1a"/>
      </object_component>
      <object_component id="oc-12d">
         <name>.const:g_pui32VCOFrequencies</name>
         <load_address>0x3b3c</load_address>
         <run_address>0x3b3c</run_address>
         <size>0x8</size>
         <input_file_ref idref="fl-23"/>
      </object_component>
      <object_component id="oc-149">
         <name>.const:.string:$P$T0$1</name>
         <load_address>0x3b44</load_address>
         <run_address>0x3b44</run_address>
         <size>0x2</size>
         <input_file_ref idref="fl-7"/>
      </object_component>
      <object_component id="oc-14c">
         <name>.const:.string:$P$T1$2</name>
         <load_address>0x3b46</load_address>
         <run_address>0x3b46</run_address>
         <size>0x2</size>
         <input_file_ref idref="fl-7"/>
      </object_component>
      <object_component id="oc-235">
         <name>.cinit..vtable.load</name>
         <load_address>0x3b48</load_address>
         <run_address>0x3b48</run_address>
         <size>0x8</size>
      </object_component>
      <object_component id="oc-233">
         <name>__TI_handler_table</name>
         <load_address>0x3b50</load_address>
         <run_address>0x3b50</run_address>
         <size>0x4</size>
      </object_component>
      <object_component id="oc-234">
         <name>__TI_cinit_table</name>
         <load_address>0x3b54</load_address>
         <run_address>0x3b54</run_address>
         <size>0x8</size>
      </object_component>
      <object_component id="oc-179">
         <name>.vtable</name>
         <uninitialized>true</uninitialized>
         <run_address>0x20000000</run_address>
         <size>0x26c</size>
         <input_file_ref idref="fl-1a"/>
      </object_component>
      <object_component id="oc-24">
         <name>.stack</name>
         <uninitialized>true</uninitialized>
         <run_address>0x20000270</run_address>
         <size>0x4</size>
         <input_file_ref idref="fl-126"/>
      </object_component>
      <object_component id="oc-237">
         <name>.stack</name>
         <uninitialized>true</uninitialized>
         <run_address>0x20000270</run_address>
         <size>0x0</size>
      </object_component>
      <object_component id="oc-b2">
         <name>.debug_info</name>
         <load_address>0x0</load_address>
         <run_address>0x0</run_address>
         <size>0x33f</size>
         <input_file_ref idref="fl-2"/>
      </object_component>
      <object_component id="oc-9c">
         <name>.debug_info</name>
         <load_address>0x33f</load_address>
         <run_address>0x33f</run_address>
         <size>0x164</size>
         <input_file_ref idref="fl-2"/>
      </object_component>
      <object_component id="oc-70">
         <name>.debug_info</name>
         <load_address>0x4a3</load_address>
         <run_address>0x4a3</run_address>
         <size>0x26b</size>
         <input_file_ref idref="fl-2"/>
      </object_component>
      <object_component id="oc-36">
         <name>.debug_info</name>
         <load_address>0x70e</load_address>
         <run_address>0x70e</run_address>
         <size>0x84</size>
         <input_file_ref idref="fl-2"/>
      </object_component>
      <object_component id="oc-ad">
         <name>.debug_info</name>
         <load_address>0x792</load_address>
         <run_address>0x792</run_address>
         <size>0x2a4</size>
         <input_file_ref idref="fl-2"/>
      </object_component>
      <object_component id="oc-135">
         <name>.debug_info</name>
         <load_address>0xa36</load_address>
         <run_address>0xa36</run_address>
         <size>0xef</size>
         <input_file_ref idref="fl-2"/>
      </object_component>
      <object_component id="oc-75">
         <name>.debug_info</name>
         <load_address>0xb25</load_address>
         <run_address>0xb25</run_address>
         <size>0xbb</size>
         <input_file_ref idref="fl-2"/>
      </object_component>
      <object_component id="oc-2f">
         <name>.debug_info</name>
         <load_address>0xbe0</load_address>
         <run_address>0xbe0</run_address>
         <size>0x297</size>
         <input_file_ref idref="fl-3"/>
      </object_component>
      <object_component id="oc-13">
         <name>.debug_info</name>
         <load_address>0xe77</load_address>
         <run_address>0xe77</run_address>
         <size>0xd6</size>
         <input_file_ref idref="fl-3"/>
      </object_component>
      <object_component id="oc-28">
         <name>.debug_info</name>
         <load_address>0xf4d</load_address>
         <run_address>0xf4d</run_address>
         <size>0x252</size>
         <input_file_ref idref="fl-3"/>
      </object_component>
      <object_component id="oc-148">
         <name>.debug_info</name>
         <load_address>0x119f</load_address>
         <run_address>0x119f</run_address>
         <size>0x4c7</size>
         <input_file_ref idref="fl-6"/>
      </object_component>
      <object_component id="oc-ca">
         <name>.debug_info</name>
         <load_address>0x1666</load_address>
         <run_address>0x1666</run_address>
         <size>0x4f1</size>
         <input_file_ref idref="fl-6"/>
      </object_component>
      <object_component id="oc-116">
         <name>.debug_info</name>
         <load_address>0x1b57</load_address>
         <run_address>0x1b57</run_address>
         <size>0x8b</size>
         <input_file_ref idref="fl-6"/>
      </object_component>
      <object_component id="oc-156">
         <name>.debug_info</name>
         <load_address>0x1be2</load_address>
         <run_address>0x1be2</run_address>
         <size>0x33f</size>
         <input_file_ref idref="fl-7"/>
      </object_component>
      <object_component id="oc-150">
         <name>.debug_info</name>
         <load_address>0x1f21</load_address>
         <run_address>0x1f21</run_address>
         <size>0xc1</size>
         <input_file_ref idref="fl-7"/>
      </object_component>
      <object_component id="oc-153">
         <name>.debug_info</name>
         <load_address>0x1fe2</load_address>
         <run_address>0x1fe2</run_address>
         <size>0xc9</size>
         <input_file_ref idref="fl-7"/>
      </object_component>
      <object_component id="oc-14a">
         <name>.debug_info</name>
         <load_address>0x20ab</load_address>
         <run_address>0x20ab</run_address>
         <size>0xc2</size>
         <input_file_ref idref="fl-7"/>
      </object_component>
      <object_component id="oc-14d">
         <name>.debug_info</name>
         <load_address>0x216d</load_address>
         <run_address>0x216d</run_address>
         <size>0xc2</size>
         <input_file_ref idref="fl-7"/>
      </object_component>
      <object_component id="oc-d0">
         <name>.debug_info</name>
         <load_address>0x222f</load_address>
         <run_address>0x222f</run_address>
         <size>0xb3c</size>
         <input_file_ref idref="fl-7"/>
      </object_component>
      <object_component id="oc-127">
         <name>.debug_info</name>
         <load_address>0x2d6b</load_address>
         <run_address>0x2d6b</run_address>
         <size>0x357</size>
         <input_file_ref idref="fl-e"/>
      </object_component>
      <object_component id="oc-1a7">
         <name>.debug_info</name>
         <load_address>0x30c2</load_address>
         <run_address>0x30c2</run_address>
         <size>0x34b</size>
         <input_file_ref idref="fl-17"/>
      </object_component>
      <object_component id="oc-19e">
         <name>.debug_info</name>
         <load_address>0x340d</load_address>
         <run_address>0x340d</run_address>
         <size>0xeb</size>
         <input_file_ref idref="fl-17"/>
      </object_component>
      <object_component id="oc-1a1">
         <name>.debug_info</name>
         <load_address>0x34f8</load_address>
         <run_address>0x34f8</run_address>
         <size>0xed</size>
         <input_file_ref idref="fl-17"/>
      </object_component>
      <object_component id="oc-1a4">
         <name>.debug_info</name>
         <load_address>0x35e5</load_address>
         <run_address>0x35e5</run_address>
         <size>0xdf</size>
         <input_file_ref idref="fl-17"/>
      </object_component>
      <object_component id="oc-13e">
         <name>.debug_info</name>
         <load_address>0x36c4</load_address>
         <run_address>0x36c4</run_address>
         <size>0x3364</size>
         <input_file_ref idref="fl-17"/>
      </object_component>
      <object_component id="oc-1af">
         <name>.debug_info</name>
         <load_address>0x6a28</load_address>
         <run_address>0x6a28</run_address>
         <size>0x33c</size>
         <input_file_ref idref="fl-19"/>
      </object_component>
      <object_component id="oc-1a9">
         <name>.debug_info</name>
         <load_address>0x6d64</load_address>
         <run_address>0x6d64</run_address>
         <size>0xd8</size>
         <input_file_ref idref="fl-19"/>
      </object_component>
      <object_component id="oc-1ac">
         <name>.debug_info</name>
         <load_address>0x6e3c</load_address>
         <run_address>0x6e3c</run_address>
         <size>0xea</size>
         <input_file_ref idref="fl-19"/>
      </object_component>
      <object_component id="oc-143">
         <name>.debug_info</name>
         <load_address>0x6f26</load_address>
         <run_address>0x6f26</run_address>
         <size>0x2cfc</size>
         <input_file_ref idref="fl-19"/>
      </object_component>
      <object_component id="oc-18f">
         <name>.debug_info</name>
         <load_address>0x9c22</load_address>
         <run_address>0x9c22</run_address>
         <size>0x328</size>
         <input_file_ref idref="fl-1a"/>
      </object_component>
      <object_component id="oc-17d">
         <name>.debug_info</name>
         <load_address>0x9f4a</load_address>
         <run_address>0x9f4a</run_address>
         <size>0xda</size>
         <input_file_ref idref="fl-1a"/>
      </object_component>
      <object_component id="oc-180">
         <name>.debug_info</name>
         <load_address>0xa024</load_address>
         <run_address>0xa024</run_address>
         <size>0xd2</size>
         <input_file_ref idref="fl-1a"/>
      </object_component>
      <object_component id="oc-183">
         <name>.debug_info</name>
         <load_address>0xa0f6</load_address>
         <run_address>0xa0f6</run_address>
         <size>0xd6</size>
         <input_file_ref idref="fl-1a"/>
      </object_component>
      <object_component id="oc-186">
         <name>.debug_info</name>
         <load_address>0xa1cc</load_address>
         <run_address>0xa1cc</run_address>
         <size>0xdc</size>
         <input_file_ref idref="fl-1a"/>
      </object_component>
      <object_component id="oc-189">
         <name>.debug_info</name>
         <load_address>0xa2a8</load_address>
         <run_address>0xa2a8</run_address>
         <size>0xda</size>
         <input_file_ref idref="fl-1a"/>
      </object_component>
      <object_component id="oc-18c">
         <name>.debug_info</name>
         <load_address>0xa382</load_address>
         <run_address>0xa382</run_address>
         <size>0xde</size>
         <input_file_ref idref="fl-1a"/>
      </object_component>
      <object_component id="oc-17a">
         <name>.debug_info</name>
         <load_address>0xa460</load_address>
         <run_address>0xa460</run_address>
         <size>0xdb</size>
         <input_file_ref idref="fl-1a"/>
      </object_component>
      <object_component id="oc-122">
         <name>.debug_info</name>
         <load_address>0xa53b</load_address>
         <run_address>0xa53b</run_address>
         <size>0xd63</size>
         <input_file_ref idref="fl-1a"/>
      </object_component>
      <object_component id="oc-13a">
         <name>.debug_info</name>
         <load_address>0xb29e</load_address>
         <run_address>0xb29e</run_address>
         <size>0x3ad</size>
         <input_file_ref idref="fl-23"/>
      </object_component>
      <object_component id="oc-12b">
         <name>.debug_info</name>
         <load_address>0xb64b</load_address>
         <run_address>0xb64b</run_address>
         <size>0xd1</size>
         <input_file_ref idref="fl-23"/>
      </object_component>
      <object_component id="oc-131">
         <name>.debug_info</name>
         <load_address>0xb71c</load_address>
         <run_address>0xb71c</run_address>
         <size>0xdd</size>
         <input_file_ref idref="fl-23"/>
      </object_component>
      <object_component id="oc-11c">
         <name>.debug_info</name>
         <load_address>0xb7f9</load_address>
         <run_address>0xb7f9</run_address>
         <size>0xd7</size>
         <input_file_ref idref="fl-23"/>
      </object_component>
      <object_component id="oc-12e">
         <name>.debug_info</name>
         <load_address>0xb8d0</load_address>
         <run_address>0xb8d0</run_address>
         <size>0xe4</size>
         <input_file_ref idref="fl-23"/>
      </object_component>
      <object_component id="oc-c7">
         <name>.debug_info</name>
         <load_address>0xb9b4</load_address>
         <run_address>0xb9b4</run_address>
         <size>0x2ce9</size>
         <input_file_ref idref="fl-23"/>
      </object_component>
      <object_component id="oc-199">
         <name>.debug_info</name>
         <load_address>0xe69d</load_address>
         <run_address>0xe69d</run_address>
         <size>0x51</size>
         <input_file_ref idref="fl-23"/>
      </object_component>
      <object_component id="oc-ba">
         <name>.debug_info</name>
         <load_address>0xe6ee</load_address>
         <run_address>0xe6ee</run_address>
         <size>0x2c</size>
         <input_file_ref idref="fl-40"/>
      </object_component>
      <object_component id="oc-8e">
         <name>.debug_info</name>
         <load_address>0xe71a</load_address>
         <run_address>0xe71a</run_address>
         <size>0x2d4</size>
         <input_file_ref idref="fl-122"/>
      </object_component>
      <object_component id="oc-4b">
         <name>.debug_info</name>
         <load_address>0xe9ee</load_address>
         <run_address>0xe9ee</run_address>
         <size>0x1d2</size>
         <input_file_ref idref="fl-122"/>
      </object_component>
      <object_component id="oc-89">
         <name>.debug_info</name>
         <load_address>0xebc0</load_address>
         <run_address>0xebc0</run_address>
         <size>0x46</size>
         <input_file_ref idref="fl-122"/>
      </object_component>
      <object_component id="oc-25">
         <name>.debug_info</name>
         <load_address>0xec06</load_address>
         <run_address>0xec06</run_address>
         <size>0x10b</size>
         <input_file_ref idref="fl-126"/>
      </object_component>
      <object_component id="oc-5c">
         <name>.debug_info</name>
         <load_address>0xed11</load_address>
         <run_address>0xed11</run_address>
         <size>0x1a9</size>
         <input_file_ref idref="fl-126"/>
      </object_component>
      <object_component id="oc-162">
         <name>.debug_info</name>
         <load_address>0xeeba</load_address>
         <run_address>0xeeba</run_address>
         <size>0x4b3</size>
         <input_file_ref idref="fl-12a"/>
      </object_component>
      <object_component id="oc-e4">
         <name>.debug_info</name>
         <load_address>0xf36d</load_address>
         <run_address>0xf36d</run_address>
         <size>0x1a6</size>
         <input_file_ref idref="fl-12a"/>
      </object_component>
      <object_component id="oc-1cc">
         <name>.debug_info</name>
         <load_address>0xf513</load_address>
         <run_address>0xf513</run_address>
         <size>0x39</size>
         <input_file_ref idref="fl-12a"/>
      </object_component>
      <object_component id="oc-1fe">
         <name>.debug_info</name>
         <load_address>0xf54c</load_address>
         <run_address>0xf54c</run_address>
         <size>0x39</size>
         <input_file_ref idref="fl-12a"/>
      </object_component>
      <object_component id="oc-1d1">
         <name>.debug_info</name>
         <load_address>0xf585</load_address>
         <run_address>0xf585</run_address>
         <size>0x39</size>
         <input_file_ref idref="fl-12a"/>
      </object_component>
      <object_component id="oc-1d6">
         <name>.debug_info</name>
         <load_address>0xf5be</load_address>
         <run_address>0xf5be</run_address>
         <size>0xcd</size>
         <input_file_ref idref="fl-12a"/>
      </object_component>
      <object_component id="oc-96">
         <name>.debug_info</name>
         <load_address>0xf68b</load_address>
         <run_address>0xf68b</run_address>
         <size>0x153</size>
         <input_file_ref idref="fl-12b"/>
      </object_component>
      <object_component id="oc-d7">
         <name>.debug_info</name>
         <load_address>0xf7de</load_address>
         <run_address>0xf7de</run_address>
         <size>0x122</size>
         <input_file_ref idref="fl-12d"/>
      </object_component>
      <object_component id="oc-238">
         <name>.debug_info</name>
         <load_address>0xf900</load_address>
         <run_address>0xf900</run_address>
         <size>0x89</size>
      </object_component>
      <object_component id="oc-115">
         <name>.debug_line</name>
         <load_address>0x0</load_address>
         <run_address>0x0</run_address>
         <size>0x7c</size>
         <input_file_ref idref="fl-2"/>
      </object_component>
      <object_component id="oc-a0">
         <name>.debug_line</name>
         <load_address>0x7c</load_address>
         <run_address>0x7c</run_address>
         <size>0x6c</size>
         <input_file_ref idref="fl-2"/>
      </object_component>
      <object_component id="oc-73">
         <name>.debug_line</name>
         <load_address>0xe8</load_address>
         <run_address>0xe8</run_address>
         <size>0x71</size>
         <input_file_ref idref="fl-2"/>
      </object_component>
      <object_component id="oc-39">
         <name>.debug_line</name>
         <load_address>0x159</load_address>
         <run_address>0x159</run_address>
         <size>0x20</size>
         <input_file_ref idref="fl-2"/>
      </object_component>
      <object_component id="oc-b0">
         <name>.debug_line</name>
         <load_address>0x179</load_address>
         <run_address>0x179</run_address>
         <size>0x75</size>
         <input_file_ref idref="fl-2"/>
      </object_component>
      <object_component id="oc-138">
         <name>.debug_line</name>
         <load_address>0x1ee</load_address>
         <run_address>0x1ee</run_address>
         <size>0x71</size>
         <input_file_ref idref="fl-2"/>
      </object_component>
      <object_component id="oc-78">
         <name>.debug_line</name>
         <load_address>0x25f</load_address>
         <run_address>0x25f</run_address>
         <size>0x72</size>
         <input_file_ref idref="fl-2"/>
      </object_component>
      <object_component id="oc-6f">
         <name>.debug_line</name>
         <load_address>0x2d1</load_address>
         <run_address>0x2d1</run_address>
         <size>0x41</size>
         <input_file_ref idref="fl-3"/>
      </object_component>
      <object_component id="oc-2e">
         <name>.debug_line</name>
         <load_address>0x312</load_address>
         <run_address>0x312</run_address>
         <size>0x41</size>
         <input_file_ref idref="fl-3"/>
      </object_component>
      <object_component id="oc-2b">
         <name>.debug_line</name>
         <load_address>0x353</load_address>
         <run_address>0x353</run_address>
         <size>0xa1</size>
         <input_file_ref idref="fl-3"/>
      </object_component>
      <object_component id="oc-1b1">
         <name>.debug_line</name>
         <load_address>0x3f4</load_address>
         <run_address>0x3f4</run_address>
         <size>0xa8</size>
         <input_file_ref idref="fl-6"/>
      </object_component>
      <object_component id="oc-cd">
         <name>.debug_line</name>
         <load_address>0x49c</load_address>
         <run_address>0x49c</run_address>
         <size>0xa0</size>
         <input_file_ref idref="fl-6"/>
      </object_component>
      <object_component id="oc-119">
         <name>.debug_line</name>
         <load_address>0x53c</load_address>
         <run_address>0x53c</run_address>
         <size>0x20</size>
         <input_file_ref idref="fl-6"/>
      </object_component>
      <object_component id="oc-1bb">
         <name>.debug_line</name>
         <load_address>0x55c</load_address>
         <run_address>0x55c</run_address>
         <size>0x35</size>
         <input_file_ref idref="fl-7"/>
      </object_component>
      <object_component id="oc-1b7">
         <name>.debug_line</name>
         <load_address>0x591</load_address>
         <run_address>0x591</run_address>
         <size>0x35</size>
         <input_file_ref idref="fl-7"/>
      </object_component>
      <object_component id="oc-1b9">
         <name>.debug_line</name>
         <load_address>0x5c6</load_address>
         <run_address>0x5c6</run_address>
         <size>0x35</size>
         <input_file_ref idref="fl-7"/>
      </object_component>
      <object_component id="oc-1b3">
         <name>.debug_line</name>
         <load_address>0x5fb</load_address>
         <run_address>0x5fb</run_address>
         <size>0x38</size>
         <input_file_ref idref="fl-7"/>
      </object_component>
      <object_component id="oc-1b5">
         <name>.debug_line</name>
         <load_address>0x633</load_address>
         <run_address>0x633</run_address>
         <size>0x38</size>
         <input_file_ref idref="fl-7"/>
      </object_component>
      <object_component id="oc-d3">
         <name>.debug_line</name>
         <load_address>0x66b</load_address>
         <run_address>0x66b</run_address>
         <size>0x211</size>
         <input_file_ref idref="fl-7"/>
      </object_component>
      <object_component id="oc-126">
         <name>.debug_line</name>
         <load_address>0x87c</load_address>
         <run_address>0x87c</run_address>
         <size>0xdd</size>
         <input_file_ref idref="fl-e"/>
      </object_component>
      <object_component id="oc-1f4">
         <name>.debug_line</name>
         <load_address>0x959</load_address>
         <run_address>0x959</run_address>
         <size>0x52</size>
         <input_file_ref idref="fl-17"/>
      </object_component>
      <object_component id="oc-1ee">
         <name>.debug_line</name>
         <load_address>0x9ab</load_address>
         <run_address>0x9ab</run_address>
         <size>0x3b</size>
         <input_file_ref idref="fl-17"/>
      </object_component>
      <object_component id="oc-1f0">
         <name>.debug_line</name>
         <load_address>0x9e6</load_address>
         <run_address>0x9e6</run_address>
         <size>0x3b</size>
         <input_file_ref idref="fl-17"/>
      </object_component>
      <object_component id="oc-1f2">
         <name>.debug_line</name>
         <load_address>0xa21</load_address>
         <run_address>0xa21</run_address>
         <size>0x3b</size>
         <input_file_ref idref="fl-17"/>
      </object_component>
      <object_component id="oc-140">
         <name>.debug_line</name>
         <load_address>0xa5c</load_address>
         <run_address>0xa5c</run_address>
         <size>0x65c</size>
         <input_file_ref idref="fl-17"/>
      </object_component>
      <object_component id="oc-1fa">
         <name>.debug_line</name>
         <load_address>0x10b8</load_address>
         <run_address>0x10b8</run_address>
         <size>0x52</size>
         <input_file_ref idref="fl-19"/>
      </object_component>
      <object_component id="oc-1f6">
         <name>.debug_line</name>
         <load_address>0x110a</load_address>
         <run_address>0x110a</run_address>
         <size>0x3a</size>
         <input_file_ref idref="fl-19"/>
      </object_component>
      <object_component id="oc-1f8">
         <name>.debug_line</name>
         <load_address>0x1144</load_address>
         <run_address>0x1144</run_address>
         <size>0x3a</size>
         <input_file_ref idref="fl-19"/>
      </object_component>
      <object_component id="oc-142">
         <name>.debug_line</name>
         <load_address>0x117e</load_address>
         <run_address>0x117e</run_address>
         <size>0x694</size>
         <input_file_ref idref="fl-19"/>
      </object_component>
      <object_component id="oc-1ec">
         <name>.debug_line</name>
         <load_address>0x1812</load_address>
         <run_address>0x1812</run_address>
         <size>0x4c</size>
         <input_file_ref idref="fl-1a"/>
      </object_component>
      <object_component id="oc-1e0">
         <name>.debug_line</name>
         <load_address>0x185e</load_address>
         <run_address>0x185e</run_address>
         <size>0x40</size>
         <input_file_ref idref="fl-1a"/>
      </object_component>
      <object_component id="oc-1e2">
         <name>.debug_line</name>
         <load_address>0x189e</load_address>
         <run_address>0x189e</run_address>
         <size>0x40</size>
         <input_file_ref idref="fl-1a"/>
      </object_component>
      <object_component id="oc-1e4">
         <name>.debug_line</name>
         <load_address>0x18de</load_address>
         <run_address>0x18de</run_address>
         <size>0x40</size>
         <input_file_ref idref="fl-1a"/>
      </object_component>
      <object_component id="oc-1e6">
         <name>.debug_line</name>
         <load_address>0x191e</load_address>
         <run_address>0x191e</run_address>
         <size>0x40</size>
         <input_file_ref idref="fl-1a"/>
      </object_component>
      <object_component id="oc-1e8">
         <name>.debug_line</name>
         <load_address>0x195e</load_address>
         <run_address>0x195e</run_address>
         <size>0x40</size>
         <input_file_ref idref="fl-1a"/>
      </object_component>
      <object_component id="oc-1ea">
         <name>.debug_line</name>
         <load_address>0x199e</load_address>
         <run_address>0x199e</run_address>
         <size>0x40</size>
         <input_file_ref idref="fl-1a"/>
      </object_component>
      <object_component id="oc-1de">
         <name>.debug_line</name>
         <load_address>0x19de</load_address>
         <run_address>0x19de</run_address>
         <size>0x40</size>
         <input_file_ref idref="fl-1a"/>
      </object_component>
      <object_component id="oc-120">
         <name>.debug_line</name>
         <load_address>0x1a1e</load_address>
         <run_address>0x1a1e</run_address>
         <size>0x2be</size>
         <input_file_ref idref="fl-1a"/>
      </object_component>
      <object_component id="oc-198">
         <name>.debug_line</name>
         <load_address>0x1cdc</load_address>
         <run_address>0x1cdc</run_address>
         <size>0xad</size>
         <input_file_ref idref="fl-23"/>
      </object_component>
      <object_component id="oc-192">
         <name>.debug_line</name>
         <load_address>0x1d89</load_address>
         <run_address>0x1d89</run_address>
         <size>0x3d</size>
         <input_file_ref idref="fl-23"/>
      </object_component>
      <object_component id="oc-196">
         <name>.debug_line</name>
         <load_address>0x1dc6</load_address>
         <run_address>0x1dc6</run_address>
         <size>0x3d</size>
         <input_file_ref idref="fl-23"/>
      </object_component>
      <object_component id="oc-178">
         <name>.debug_line</name>
         <load_address>0x1e03</load_address>
         <run_address>0x1e03</run_address>
         <size>0x3d</size>
         <input_file_ref idref="fl-23"/>
      </object_component>
      <object_component id="oc-194">
         <name>.debug_line</name>
         <load_address>0x1e40</load_address>
         <run_address>0x1e40</run_address>
         <size>0x3d</size>
         <input_file_ref idref="fl-23"/>
      </object_component>
      <object_component id="oc-c6">
         <name>.debug_line</name>
         <load_address>0x1e7d</load_address>
         <run_address>0x1e7d</run_address>
         <size>0x97b</size>
         <input_file_ref idref="fl-23"/>
      </object_component>
      <object_component id="oc-19b">
         <name>.debug_line</name>
         <load_address>0x27f8</load_address>
         <run_address>0x27f8</run_address>
         <size>0x3d</size>
         <input_file_ref idref="fl-23"/>
      </object_component>
      <object_component id="oc-bd">
         <name>.debug_line</name>
         <load_address>0x2835</load_address>
         <run_address>0x2835</run_address>
         <size>0x6d</size>
         <input_file_ref idref="fl-40"/>
      </object_component>
      <object_component id="oc-c0">
         <name>.debug_line</name>
         <load_address>0x28a2</load_address>
         <run_address>0x28a2</run_address>
         <size>0x92</size>
         <input_file_ref idref="fl-122"/>
      </object_component>
      <object_component id="oc-49">
         <name>.debug_line</name>
         <load_address>0x2934</load_address>
         <run_address>0x2934</run_address>
         <size>0x4c</size>
         <input_file_ref idref="fl-122"/>
      </object_component>
      <object_component id="oc-8c">
         <name>.debug_line</name>
         <load_address>0x2980</load_address>
         <run_address>0x2980</run_address>
         <size>0x34</size>
         <input_file_ref idref="fl-122"/>
      </object_component>
      <object_component id="oc-6c">
         <name>.debug_line</name>
         <load_address>0x29b4</load_address>
         <run_address>0x29b4</run_address>
         <size>0x33</size>
         <input_file_ref idref="fl-126"/>
      </object_component>
      <object_component id="oc-5a">
         <name>.debug_line</name>
         <load_address>0x29e7</load_address>
         <run_address>0x29e7</run_address>
         <size>0x45</size>
         <input_file_ref idref="fl-126"/>
      </object_component>
      <object_component id="oc-1cb">
         <name>.debug_line</name>
         <load_address>0x2a2c</load_address>
         <run_address>0x2a2c</run_address>
         <size>0xbf</size>
         <input_file_ref idref="fl-12a"/>
      </object_component>
      <object_component id="oc-e3">
         <name>.debug_line</name>
         <load_address>0x2aeb</load_address>
         <run_address>0x2aeb</run_address>
         <size>0x6f</size>
         <input_file_ref idref="fl-12a"/>
      </object_component>
      <object_component id="oc-1cf">
         <name>.debug_line</name>
         <load_address>0x2b5a</load_address>
         <run_address>0x2b5a</run_address>
         <size>0x2e</size>
         <input_file_ref idref="fl-12a"/>
      </object_component>
      <object_component id="oc-201">
         <name>.debug_line</name>
         <load_address>0x2b88</load_address>
         <run_address>0x2b88</run_address>
         <size>0x9a</size>
         <input_file_ref idref="fl-12a"/>
      </object_component>
      <object_component id="oc-1d4">
         <name>.debug_line</name>
         <load_address>0x2c22</load_address>
         <run_address>0x2c22</run_address>
         <size>0x97</size>
         <input_file_ref idref="fl-12a"/>
      </object_component>
      <object_component id="oc-1d9">
         <name>.debug_line</name>
         <load_address>0x2cb9</load_address>
         <run_address>0x2cb9</run_address>
         <size>0x93</size>
         <input_file_ref idref="fl-12a"/>
      </object_component>
      <object_component id="oc-99">
         <name>.debug_line</name>
         <load_address>0x2d4c</load_address>
         <run_address>0x2d4c</run_address>
         <size>0x40</size>
         <input_file_ref idref="fl-12b"/>
      </object_component>
      <object_component id="oc-db">
         <name>.debug_line</name>
         <load_address>0x2d8c</load_address>
         <run_address>0x2d8c</run_address>
         <size>0x3c</size>
         <input_file_ref idref="fl-12d"/>
      </object_component>
      <object_component id="oc-9f">
         <name>.debug_frame</name>
         <load_address>0x0</load_address>
         <run_address>0x0</run_address>
         <size>0x5c</size>
         <input_file_ref idref="fl-2"/>
      </object_component>
      <object_component id="oc-2c">
         <name>.debug_frame</name>
         <load_address>0x5c</load_address>
         <run_address>0x5c</run_address>
         <size>0x90</size>
         <input_file_ref idref="fl-3"/>
      </object_component>
      <object_component id="oc-ce">
         <name>.debug_frame</name>
         <load_address>0xec</load_address>
         <run_address>0xec</run_address>
         <size>0x90</size>
         <input_file_ref idref="fl-6"/>
      </object_component>
      <object_component id="oc-d4">
         <name>.debug_frame</name>
         <load_address>0x17c</load_address>
         <run_address>0x17c</run_address>
         <size>0x190</size>
         <input_file_ref idref="fl-7"/>
      </object_component>
      <object_component id="oc-129">
         <name>.debug_frame</name>
         <load_address>0x30c</load_address>
         <run_address>0x30c</run_address>
         <size>0xbc</size>
         <input_file_ref idref="fl-e"/>
      </object_component>
      <object_component id="oc-13d">
         <name>.debug_frame</name>
         <load_address>0x3c8</load_address>
         <run_address>0x3c8</run_address>
         <size>0x57c</size>
         <input_file_ref idref="fl-17"/>
      </object_component>
      <object_component id="oc-146">
         <name>.debug_frame</name>
         <load_address>0x944</load_address>
         <run_address>0x944</run_address>
         <size>0x578</size>
         <input_file_ref idref="fl-19"/>
      </object_component>
      <object_component id="oc-121">
         <name>.debug_frame</name>
         <load_address>0xebc</load_address>
         <run_address>0xebc</run_address>
         <size>0x1d4</size>
         <input_file_ref idref="fl-1a"/>
      </object_component>
      <object_component id="oc-c5">
         <name>.debug_frame</name>
         <load_address>0x1090</load_address>
         <run_address>0x1090</run_address>
         <size>0x5a8</size>
         <input_file_ref idref="fl-23"/>
      </object_component>
      <object_component id="oc-4a">
         <name>.debug_frame</name>
         <load_address>0x1638</load_address>
         <run_address>0x1638</run_address>
         <size>0x54</size>
         <input_file_ref idref="fl-122"/>
      </object_component>
      <object_component id="oc-5b">
         <name>.debug_frame</name>
         <load_address>0x168c</load_address>
         <run_address>0x168c</run_address>
         <size>0x50</size>
         <input_file_ref idref="fl-126"/>
      </object_component>
      <object_component id="oc-e7">
         <name>.debug_frame</name>
         <load_address>0x16dc</load_address>
         <run_address>0x16dc</run_address>
         <size>0x5c</size>
         <input_file_ref idref="fl-12a"/>
      </object_component>
      <object_component id="oc-9a">
         <name>.debug_frame</name>
         <load_address>0x1738</load_address>
         <run_address>0x1738</run_address>
         <size>0x54</size>
         <input_file_ref idref="fl-12b"/>
      </object_component>
      <object_component id="oc-da">
         <name>.debug_frame</name>
         <load_address>0x178c</load_address>
         <run_address>0x178c</run_address>
         <size>0x54</size>
         <input_file_ref idref="fl-12d"/>
      </object_component>
      <object_component id="oc-114">
         <name>.debug_abbrev</name>
         <load_address>0x0</load_address>
         <run_address>0x0</run_address>
         <size>0x8f</size>
         <input_file_ref idref="fl-2"/>
      </object_component>
      <object_component id="oc-d5">
         <name>.debug_abbrev</name>
         <load_address>0x8f</load_address>
         <run_address>0x8f</run_address>
         <size>0x60</size>
         <input_file_ref idref="fl-2"/>
      </object_component>
      <object_component id="oc-72">
         <name>.debug_abbrev</name>
         <load_address>0xef</load_address>
         <run_address>0xef</run_address>
         <size>0x69</size>
         <input_file_ref idref="fl-2"/>
      </object_component>
      <object_component id="oc-38">
         <name>.debug_abbrev</name>
         <load_address>0x158</load_address>
         <run_address>0x158</run_address>
         <size>0x1f</size>
         <input_file_ref idref="fl-2"/>
      </object_component>
      <object_component id="oc-af">
         <name>.debug_abbrev</name>
         <load_address>0x177</load_address>
         <run_address>0x177</run_address>
         <size>0x5c</size>
         <input_file_ref idref="fl-2"/>
      </object_component>
      <object_component id="oc-137">
         <name>.debug_abbrev</name>
         <load_address>0x1d3</load_address>
         <run_address>0x1d3</run_address>
         <size>0x24</size>
         <input_file_ref idref="fl-2"/>
      </object_component>
      <object_component id="oc-77">
         <name>.debug_abbrev</name>
         <load_address>0x1f7</load_address>
         <run_address>0x1f7</run_address>
         <size>0x24</size>
         <input_file_ref idref="fl-2"/>
      </object_component>
      <object_component id="oc-6e">
         <name>.debug_abbrev</name>
         <load_address>0x21b</load_address>
         <run_address>0x21b</run_address>
         <size>0x68</size>
         <input_file_ref idref="fl-3"/>
      </object_component>
      <object_component id="oc-2d">
         <name>.debug_abbrev</name>
         <load_address>0x283</load_address>
         <run_address>0x283</run_address>
         <size>0x29</size>
         <input_file_ref idref="fl-3"/>
      </object_component>
      <object_component id="oc-6d">
         <name>.debug_abbrev</name>
         <load_address>0x2ac</load_address>
         <run_address>0x2ac</run_address>
         <size>0x79</size>
         <input_file_ref idref="fl-3"/>
      </object_component>
      <object_component id="oc-1b0">
         <name>.debug_abbrev</name>
         <load_address>0x325</load_address>
         <run_address>0x325</run_address>
         <size>0x88</size>
         <input_file_ref idref="fl-6"/>
      </object_component>
      <object_component id="oc-147">
         <name>.debug_abbrev</name>
         <load_address>0x3ad</load_address>
         <run_address>0x3ad</run_address>
         <size>0x7a</size>
         <input_file_ref idref="fl-6"/>
      </object_component>
      <object_component id="oc-118">
         <name>.debug_abbrev</name>
         <load_address>0x427</load_address>
         <run_address>0x427</run_address>
         <size>0x1f</size>
         <input_file_ref idref="fl-6"/>
      </object_component>
      <object_component id="oc-1ba">
         <name>.debug_abbrev</name>
         <load_address>0x446</load_address>
         <run_address>0x446</run_address>
         <size>0x8d</size>
         <input_file_ref idref="fl-7"/>
      </object_component>
      <object_component id="oc-1b6">
         <name>.debug_abbrev</name>
         <load_address>0x4d3</load_address>
         <run_address>0x4d3</run_address>
         <size>0x29</size>
         <input_file_ref idref="fl-7"/>
      </object_component>
      <object_component id="oc-1b8">
         <name>.debug_abbrev</name>
         <load_address>0x4fc</load_address>
         <run_address>0x4fc</run_address>
         <size>0x29</size>
         <input_file_ref idref="fl-7"/>
      </object_component>
      <object_component id="oc-1b2">
         <name>.debug_abbrev</name>
         <load_address>0x525</load_address>
         <run_address>0x525</run_address>
         <size>0x27</size>
         <input_file_ref idref="fl-7"/>
      </object_component>
      <object_component id="oc-1b4">
         <name>.debug_abbrev</name>
         <load_address>0x54c</load_address>
         <run_address>0x54c</run_address>
         <size>0x27</size>
         <input_file_ref idref="fl-7"/>
      </object_component>
      <object_component id="oc-155">
         <name>.debug_abbrev</name>
         <load_address>0x573</load_address>
         <run_address>0x573</run_address>
         <size>0x7a</size>
         <input_file_ref idref="fl-7"/>
      </object_component>
      <object_component id="oc-190">
         <name>.debug_abbrev</name>
         <load_address>0x5ed</load_address>
         <run_address>0x5ed</run_address>
         <size>0xca</size>
         <input_file_ref idref="fl-e"/>
      </object_component>
      <object_component id="oc-1f3">
         <name>.debug_abbrev</name>
         <load_address>0x6b7</load_address>
         <run_address>0x6b7</run_address>
         <size>0x76</size>
         <input_file_ref idref="fl-17"/>
      </object_component>
      <object_component id="oc-1ed">
         <name>.debug_abbrev</name>
         <load_address>0x72d</load_address>
         <run_address>0x72d</run_address>
         <size>0x27</size>
         <input_file_ref idref="fl-17"/>
      </object_component>
      <object_component id="oc-1ef">
         <name>.debug_abbrev</name>
         <load_address>0x754</load_address>
         <run_address>0x754</run_address>
         <size>0x27</size>
         <input_file_ref idref="fl-17"/>
      </object_component>
      <object_component id="oc-1f1">
         <name>.debug_abbrev</name>
         <load_address>0x77b</load_address>
         <run_address>0x77b</run_address>
         <size>0x27</size>
         <input_file_ref idref="fl-17"/>
      </object_component>
      <object_component id="oc-1a6">
         <name>.debug_abbrev</name>
         <load_address>0x7a2</load_address>
         <run_address>0x7a2</run_address>
         <size>0xd6</size>
         <input_file_ref idref="fl-17"/>
      </object_component>
      <object_component id="oc-1f9">
         <name>.debug_abbrev</name>
         <load_address>0x878</load_address>
         <run_address>0x878</run_address>
         <size>0x76</size>
         <input_file_ref idref="fl-19"/>
      </object_component>
      <object_component id="oc-1f5">
         <name>.debug_abbrev</name>
         <load_address>0x8ee</load_address>
         <run_address>0x8ee</run_address>
         <size>0x27</size>
         <input_file_ref idref="fl-19"/>
      </object_component>
      <object_component id="oc-1f7">
         <name>.debug_abbrev</name>
         <load_address>0x915</load_address>
         <run_address>0x915</run_address>
         <size>0x27</size>
         <input_file_ref idref="fl-19"/>
      </object_component>
      <object_component id="oc-1ae">
         <name>.debug_abbrev</name>
         <load_address>0x93c</load_address>
         <run_address>0x93c</run_address>
         <size>0x103</size>
         <input_file_ref idref="fl-19"/>
      </object_component>
      <object_component id="oc-1eb">
         <name>.debug_abbrev</name>
         <load_address>0xa3f</load_address>
         <run_address>0xa3f</run_address>
         <size>0x92</size>
         <input_file_ref idref="fl-1a"/>
      </object_component>
      <object_component id="oc-1df">
         <name>.debug_abbrev</name>
         <load_address>0xad1</load_address>
         <run_address>0xad1</run_address>
         <size>0x27</size>
         <input_file_ref idref="fl-1a"/>
      </object_component>
      <object_component id="oc-1e1">
         <name>.debug_abbrev</name>
         <load_address>0xaf8</load_address>
         <run_address>0xaf8</run_address>
         <size>0x27</size>
         <input_file_ref idref="fl-1a"/>
      </object_component>
      <object_component id="oc-1e3">
         <name>.debug_abbrev</name>
         <load_address>0xb1f</load_address>
         <run_address>0xb1f</run_address>
         <size>0x27</size>
         <input_file_ref idref="fl-1a"/>
      </object_component>
      <object_component id="oc-1e5">
         <name>.debug_abbrev</name>
         <load_address>0xb46</load_address>
         <run_address>0xb46</run_address>
         <size>0x27</size>
         <input_file_ref idref="fl-1a"/>
      </object_component>
      <object_component id="oc-1e7">
         <name>.debug_abbrev</name>
         <load_address>0xb6d</load_address>
         <run_address>0xb6d</run_address>
         <size>0x27</size>
         <input_file_ref idref="fl-1a"/>
      </object_component>
      <object_component id="oc-1e9">
         <name>.debug_abbrev</name>
         <load_address>0xb94</load_address>
         <run_address>0xb94</run_address>
         <size>0x27</size>
         <input_file_ref idref="fl-1a"/>
      </object_component>
      <object_component id="oc-1dd">
         <name>.debug_abbrev</name>
         <load_address>0xbbb</load_address>
         <run_address>0xbbb</run_address>
         <size>0x29</size>
         <input_file_ref idref="fl-1a"/>
      </object_component>
      <object_component id="oc-18e">
         <name>.debug_abbrev</name>
         <load_address>0xbe4</load_address>
         <run_address>0xbe4</run_address>
         <size>0x101</size>
         <input_file_ref idref="fl-1a"/>
      </object_component>
      <object_component id="oc-197">
         <name>.debug_abbrev</name>
         <load_address>0xce5</load_address>
         <run_address>0xce5</run_address>
         <size>0xb4</size>
         <input_file_ref idref="fl-23"/>
      </object_component>
      <object_component id="oc-191">
         <name>.debug_abbrev</name>
         <load_address>0xd99</load_address>
         <run_address>0xd99</run_address>
         <size>0x27</size>
         <input_file_ref idref="fl-23"/>
      </object_component>
      <object_component id="oc-195">
         <name>.debug_abbrev</name>
         <load_address>0xdc0</load_address>
         <run_address>0xdc0</run_address>
         <size>0x27</size>
         <input_file_ref idref="fl-23"/>
      </object_component>
      <object_component id="oc-177">
         <name>.debug_abbrev</name>
         <load_address>0xde7</load_address>
         <run_address>0xde7</run_address>
         <size>0x27</size>
         <input_file_ref idref="fl-23"/>
      </object_component>
      <object_component id="oc-193">
         <name>.debug_abbrev</name>
         <load_address>0xe0e</load_address>
         <run_address>0xe0e</run_address>
         <size>0x27</size>
         <input_file_ref idref="fl-23"/>
      </object_component>
      <object_component id="oc-134">
         <name>.debug_abbrev</name>
         <load_address>0xe35</load_address>
         <run_address>0xe35</run_address>
         <size>0x12e</size>
         <input_file_ref idref="fl-23"/>
      </object_component>
      <object_component id="oc-19a">
         <name>.debug_abbrev</name>
         <load_address>0xf63</load_address>
         <run_address>0xf63</run_address>
         <size>0x38</size>
         <input_file_ref idref="fl-23"/>
      </object_component>
      <object_component id="oc-bc">
         <name>.debug_abbrev</name>
         <load_address>0xf9b</load_address>
         <run_address>0xf9b</run_address>
         <size>0x24</size>
         <input_file_ref idref="fl-40"/>
      </object_component>
      <object_component id="oc-bf">
         <name>.debug_abbrev</name>
         <load_address>0xfbf</load_address>
         <run_address>0xfbf</run_address>
         <size>0x5d</size>
         <input_file_ref idref="fl-122"/>
      </object_component>
      <object_component id="oc-88">
         <name>.debug_abbrev</name>
         <load_address>0x101c</load_address>
         <run_address>0x101c</run_address>
         <size>0x6f</size>
         <input_file_ref idref="fl-122"/>
      </object_component>
      <object_component id="oc-8b">
         <name>.debug_abbrev</name>
         <load_address>0x108b</load_address>
         <run_address>0x108b</run_address>
         <size>0x24</size>
         <input_file_ref idref="fl-122"/>
      </object_component>
      <object_component id="oc-6b">
         <name>.debug_abbrev</name>
         <load_address>0x10af</load_address>
         <run_address>0x10af</run_address>
         <size>0x29</size>
         <input_file_ref idref="fl-126"/>
      </object_component>
      <object_component id="oc-a4">
         <name>.debug_abbrev</name>
         <load_address>0x10d8</load_address>
         <run_address>0x10d8</run_address>
         <size>0x55</size>
         <input_file_ref idref="fl-126"/>
      </object_component>
      <object_component id="oc-1ca">
         <name>.debug_abbrev</name>
         <load_address>0x112d</load_address>
         <run_address>0x112d</run_address>
         <size>0xc0</size>
         <input_file_ref idref="fl-12a"/>
[...]
         <name>I2CSlaveIntClear</name>
         <value>0x2187</value>
         <object_component_ref idref="oc-141"/>
      </symbol>
      <symbol id="sm-29c">
         <name>I2CMasterDataPut</name>
         <value>0x224b</value>
         <object_component_ref idref="oc-141"/>
      </symbol>
      <symbol id="sm-29d">
         <name>I2CMasterBurstLengthSet</name>
         <value>0x2437</value>
         <object_component_ref idref="oc-141"/>
      </symbol>
      <symbol id="sm-29e">
         <name>I2CMasterGlitchFilterConfigSet</name>
         <value>0x245b</value>
         <object_component_ref idref="oc-141"/>
      </symbol>
      <symbol id="sm-29f">
         <name>I2CSlaveFIFOEnable</name>
         <value>0x24a9</value>
         <object_component_ref idref="oc-141"/>
      </symbol>
      <symbol id="sm-2a0">
         <name>I2CIntUnregister</name>
         <value>0x1faf</value>
         <object_component_ref idref="oc-141"/>
      </symbol>
      <symbol id="sm-2a1">
         <name>I2CSlaveIntDisableEx</name>
         <value>0x2063</value>
         <object_component_ref idref="oc-141"/>
      </symbol>
      <symbol id="sm-2a2">
         <name>I2CMasterInitExpClk</name>
         <value>0x1e5f</value>
         <object_component_ref idref="oc-141"/>
      </symbol>
      <symbol id="sm-2a3">
         <name>I2CSlaveIntEnableEx</name>
         <value>0x2009</value>
         <object_component_ref idref="oc-141"/>
      </symbol>
      <symbol id="sm-2a4">
         <name>I2CSlaveIntClearEx</name>
         <value>0x2199</value>
         <object_component_ref idref="oc-141"/>
      </symbol>
      <symbol id="sm-2a5">
         <name>I2CSlaveDisable</name>
         <value>0x1f73</value>
         <object_component_ref idref="oc-141"/>
      </symbol>
      <symbol id="sm-2a6">
         <name>I2CFIFODataGet</name>
         <value>0x23f7</value>
         <object_component_ref idref="oc-141"/>
      </symbol>
      <symbol id="sm-2a7">
         <name>I2CMasterIntEnable</name>
         <value>0x1fc9</value>
         <object_component_ref idref="oc-141"/>
      </symbol>
      <symbol id="sm-2a8">
         <name>I2CSlaveDataGet</name>
         <value>0x230d</value>
         <object_component_ref idref="oc-141"/>
      </symbol>
      <symbol id="sm-2a9">
         <name>I2CSlaveEnable</name>
         <value>0x1f3f</value>
         <object_component_ref idref="oc-141"/>
      </symbol>
      <symbol id="sm-2aa">
         <name>I2CSlaveFIFODisable</name>
         <value>0x24c1</value>
         <object_component_ref idref="oc-141"/>
      </symbol>
      <symbol id="sm-2ab">
         <name>I2CMasterBurstCountGet</name>
         <value>0x244d</value>
         <object_component_ref idref="oc-141"/>
      </symbol>
      <symbol id="sm-2ac">
         <name>I2CMasterIntClearEx</name>
         <value>0x2175</value>
         <object_component_ref idref="oc-141"/>
      </symbol>
      <symbol id="sm-2ad">
         <name>I2CFIFODataPut</name>
         <value>0x23ad</value>
         <object_component_ref idref="oc-141"/>
      </symbol>
      <symbol id="sm-2ae">
         <name>I2CMasterSlaveAddrSet</name>
         <value>0x21ad</value>
         <object_component_ref idref="oc-141"/>
      </symbol>
      <symbol id="sm-2af">
         <name>I2CMasterDataGet</name>
         <value>0x2261</value>
         <object_component_ref idref="oc-141"/>
      </symbol>
      <symbol id="sm-2b0">
         <name>I2CSlaveIntStatus</name>
         <value>0x20ed</value>
         <object_component_ref idref="oc-141"/>
      </symbol>
      <symbol id="sm-2b1">
         <name>I2CSlaveDataPut</name>
         <value>0x22f5</value>
         <object_component_ref idref="oc-141"/>
      </symbol>
      <symbol id="sm-2b2">
         <name>I2CSlaveStatus</name>
         <value>0x22e5</value>
         <object_component_ref idref="oc-141"/>
      </symbol>
      <symbol id="sm-2b3">
         <name>I2CMasterIntEnableEx</name>
         <value>0x1fd9</value>
         <object_component_ref idref="oc-141"/>
      </symbol>
      <symbol id="sm-2b4">
         <name>I2CMasterErr</name>
         <value>0x221f</value>
         <object_component_ref idref="oc-141"/>
      </symbol>
      <symbol id="sm-2b5">
         <name>I2CMasterTimeoutSet</name>
         <value>0x226f</value>
         <object_component_ref idref="oc-141"/>
      </symbol>
      <symbol id="sm-2b6">
         <name>I2CMasterControl</name>
         <value>0x220d</value>
         <object_component_ref idref="oc-141"/>
      </symbol>
      <symbol id="sm-2b7">
         <name>I2CSlaveACKValueSet</name>
         <value>0x22b3</value>
         <object_component_ref idref="oc-141"/>
      </symbol>
      <symbol id="sm-2b8">
         <name>I2CSlaveIntStatusEx</name>
         <value>0x2135</value>
         <object_component_ref idref="oc-141"/>
      </symbol>
      <symbol id="sm-2b9">
         <name>I2CMasterLineStateGet</name>
         <value>0x21cf</value>
         <object_component_ref idref="oc-141"/>
      </symbol>
      <symbol id="sm-2ba">
         <name>I2CMasterBusy</name>
         <value>0x21dd</value>
         <object_component_ref idref="oc-141"/>
      </symbol>
      <symbol id="sm-2bb">
         <name>I2CSlaveAddressSet</name>
         <value>0x1eeb</value>
         <object_component_ref idref="oc-141"/>
      </symbol>
      <symbol id="sm-2bc">
         <name>I2CFIFOStatus</name>
         <value>0x239d</value>
         <object_component_ref idref="oc-141"/>
      </symbol>
      <symbol id="sm-2bd">
         <name>I2CMasterEnable</name>
         <value>0x1f29</value>
         <object_component_ref idref="oc-141"/>
      </symbol>
      <symbol id="sm-2be">
         <name>I2CMasterIntStatusEx</name>
         <value>0x20c1</value>
         <object_component_ref idref="oc-141"/>
      </symbol>
      <symbol id="sm-2bf">
         <name>I2CSlaveInit</name>
         <value>0x1ed1</value>
         <object_component_ref idref="oc-141"/>
      </symbol>
      <symbol id="sm-2c0">
         <name>I2CMasterIntClear</name>
         <value>0x2157</value>
         <object_component_ref idref="oc-141"/>
      </symbol>
      <symbol id="sm-2c1">
         <name>I2CMasterDisable</name>
         <value>0x1f5d</value>
         <object_component_ref idref="oc-141"/>
      </symbol>
      <symbol id="sm-2c2">
         <name>I2CLoopbackEnable</name>
         <value>0x24d3</value>
         <object_component_ref idref="oc-141"/>
      </symbol>
      <symbol id="sm-2c3">
         <name>I2CFIFODataGetNonBlocking</name>
         <value>0x2411</value>
         <object_component_ref idref="oc-141"/>
      </symbol>
      <symbol id="sm-340">
         <name>IntPendClear</name>
         <value>0x2821</value>
         <object_component_ref idref="oc-11e"/>
      </symbol>
      <symbol id="sm-341">
         <name>IntPriorityGroupingGet</name>
         <value>0x259b</value>
         <object_component_ref idref="oc-11e"/>
      </symbol>
      <symbol id="sm-342">
         <name>IntPrioritySet</name>
         <value>0x25d3</value>
         <object_component_ref idref="oc-11e"/>
      </symbol>
      <symbol id="sm-343">
         <name>IntIsEnabled</name>
         <value>0x272b</value>
         <object_component_ref idref="oc-11e"/>
      </symbol>
      <symbol id="sm-344">
         <name>IntEnable</name>
         <value>0x2647</value>
         <object_component_ref idref="oc-11e"/>
      </symbol>
      <symbol id="sm-345">
         <name>IntTrigger</name>
         <value>0x2883</value>
         <object_component_ref idref="oc-11e"/>
      </symbol>
      <symbol id="sm-346">
         <name>IntPriorityMaskSet</name>
         <value>0x286f</value>
         <object_component_ref idref="oc-11e"/>
      </symbol>
      <symbol id="sm-347">
         <name>IntPriorityGroupingSet</name>
         <value>0x2581</value>
         <object_component_ref idref="oc-11e"/>
      </symbol>
      <symbol id="sm-348">
         <name>IntDisable</name>
         <value>0x26b9</value>
         <object_component_ref idref="oc-11e"/>
      </symbol>
      <symbol id="sm-349">
         <name>IntRegister</name>
         <value>0x251b</value>
         <object_component_ref idref="oc-11e"/>
      </symbol>
      <symbol id="sm-34a">
         <name>IntPriorityGet</name>
         <value>0x2623</value>
         <object_component_ref idref="oc-11e"/>
      </symbol>
      <symbol id="sm-34b">
         <name>IntMasterDisable</name>
         <value>0x250b</value>
         <object_component_ref idref="oc-11e"/>
      </symbol>
      <symbol id="sm-34c">
         <name>IntUnregister</name>
         <value>0x256d</value>
         <object_component_ref idref="oc-11e"/>
      </symbol>
      <symbol id="sm-34d">
         <name>IntPriorityMaskGet</name>
         <value>0x287b</value>
         <object_component_ref idref="oc-11e"/>
      </symbol>
      <symbol id="sm-34e">
         <name>g_pfnRAMVectors</name>
         <value>0x20000000</value>
         <object_component_ref idref="oc-179"/>
      </symbol>
      <symbol id="sm-34f">
         <name>IntMasterEnable</name>
         <value>0x24fb</value>
         <object_component_ref idref="oc-11e"/>
      </symbol>
      <symbol id="sm-350">
         <name>IntPendSet</name>
         <value>0x27b1</value>
         <object_component_ref idref="oc-11e"/>
      </symbol>
      <symbol id="sm-499">
         <name>SysCtlGPIOAHBEnable</name>
         <value>0x1017</value>
         <object_component_ref idref="oc-c3"/>
      </symbol>
      <symbol id="sm-49a">
         <name>SysCtlIntRegister</name>
         <value>0x6f5</value>
         <object_component_ref idref="oc-c3"/>
      </symbol>
      <symbol id="sm-49b">
         <name>SysCtlFlashSizeGet</name>
         <value>0x337</value>
         <object_component_ref idref="oc-c3"/>
      </symbol>
      <symbol id="sm-49c">
         <name>SysCtlPeripheralDeepSleepEnable</name>
         <value>0x609</value>
         <object_component_ref idref="oc-c3"/>
      </symbol>
      <symbol id="sm-49d">
         <name>SysCtlLDODeepSleepGet</name>
         <value>0x79b</value>
         <object_component_ref idref="oc-c3"/>
      </symbol>
      <symbol id="sm-49e">
         <name>SysCtlFlashSectorSizeGet</name>
         <value>0x363</value>
         <object_component_ref idref="oc-c3"/>
      </symbol>
      <symbol id="sm-49f">
         <name>SysCtlIntDisable</name>
         <value>0x731</value>
         <object_component_ref idref="oc-c3"/>
      </symbol>
      <symbol id="sm-4a0">
         <name>SysCtlResetBehaviorGet</name>
         <value>0x881</value>
         <object_component_ref idref="oc-c3"/>
      </symbol>
      <symbol id="sm-4a1">
         <name>SysCtlPeripheralPresent</name>
         <value>0x389</value>
         <object_component_ref idref="oc-c3"/>
      </symbol>
      <symbol id="sm-4a2">
         <name>SysCtlDeepSleepClockSet</name>
         <value>0xf3f</value>
         <object_component_ref idref="oc-c3"/>
      </symbol>
      <symbol id="sm-4a3">
         <name>SysCtlClockSet</name>
         <value>0xbc9</value>
         <object_component_ref idref="oc-c3"/>
      </symbol>
      <symbol id="sm-4a4">
         <name>SysCtlAltClkConfig</name>
         <value>0x11a9</value>
         <object_component_ref idref="oc-c3"/>
      </symbol>
      <symbol id="sm-4a5">
         <name>SysCtlPeripheralClockGating</name>
         <value>0x6a1</value>
         <object_component_ref idref="oc-c3"/>
      </symbol>
      <symbol id="sm-4a6">
         <name>SysCtlIntStatus</name>
         <value>0x759</value>
         <object_component_ref idref="oc-c3"/>
      </symbol>
      <symbol id="sm-4a7">
         <name>SysCtlIntClear</name>
         <value>0x749</value>
         <object_component_ref idref="oc-c3"/>
      </symbol>
      <symbol id="sm-4a8">
         <name>SysCtlVoltageEventStatus</name>
         <value>0x107d</value>
         <object_component_ref idref="oc-c3"/>
      </symbol>
      <symbol id="sm-4a9">
         <name>SysCtlVoltageEventConfig</name>
         <value>0x106d</value>
         <object_component_ref idref="oc-c3"/>
      </symbol>
      <symbol id="sm-4aa">
         <name>SysCtlResetCauseGet</name>
         <value>0x7f1</value>
         <object_component_ref idref="oc-c3"/>
      </symbol>
      <symbol id="sm-4ab">
         <name>SysCtlSleep</name>
         <value>0x7cd</value>
         <object_component_ref idref="oc-c3"/>
      </symbol>
      <symbol id="sm-4ac">
         <name>SysCtlPWMClockGet</name>
         <value>0x1001</value>
         <object_component_ref idref="oc-c3"/>
      </symbol>
      <symbol id="sm-4ad">
         <name>SysCtlDeepSleepPowerSet</name>
         <value>0x7b5</value>
         <object_component_ref idref="oc-c3"/>
      </symbol>
      <symbol id="sm-4ae">
         <name>SysCtlClockOutConfig</name>
         <value>0x118d</value>
         <object_component_ref idref="oc-c3"/>
      </symbol>
      <symbol id="sm-4af">
         <name>SysCtlNMIStatus</name>
         <value>0x115d</value>
         <object_component_ref idref="oc-c3"/>
      </symbol>
      <symbol id="sm-4b0">
         <name>SysCtlDeepSleepClockConfigSet</name>
         <value>0xf5d</value>
         <object_component_ref idref="oc-c3"/>
      </symbol>
      <symbol id="sm-4b1">
         <name>SysCtlDelay</name>
         <value>0x2e0d</value>
         <object_component_ref idref="oc-133"/>
      </symbol>
      <symbol id="sm-4b2">
         <name>SysCtlVoltageEventClear</name>
         <value>0x1089</value>
         <object_component_ref idref="oc-c3"/>
      </symbol>
      <symbol id="sm-4b3">
         <name>SysCtlLDOSleepSet</name>
         <value>0x775</value>
         <object_component_ref idref="oc-c3"/>
      </symbol>
      <symbol id="sm-4b4">
         <name>SysCtlMOSCConfigSet</name>
         <value>0x80b</value>
         <object_component_ref idref="oc-c3"/>
      </symbol>
      <symbol id="sm-4b5">
         <name>SysCtlPeripheralEnable</name>
         <value>0x509</value>
         <object_component_ref idref="oc-c3"/>
      </symbol>
      <symbol id="sm-4b6">
         <name>SysCtlIntEnable</name>
         <value>0x71d</value>
         <object_component_ref idref="oc-c3"/>
      </symbol>
      <symbol id="sm-4b7">
         <name>SysCtlNMIClear</name>
         <value>0x1171</value>
         <object_component_ref idref="oc-c3"/>
      </symbol>
      <symbol id="sm-4b8">
         <name>SysCtlPeripheralPowerOff</name>
         <value>0x445</value>
         <object_component_ref idref="oc-c3"/>
      </symbol>
      <symbol id="sm-4b9">
         <name>SysCtlSleepPowerSet</name>
         <value>0x7a1</value>
         <object_component_ref idref="oc-c3"/>
      </symbol>
      <symbol id="sm-4ba">
         <name>SysCtlDeepSleep</name>
         <value>0x7d5</value>
         <object_component_ref idref="oc-c3"/>
      </symbol>
      <symbol id="sm-4bb">
         <name>SysCtlLDODeepSleepSet</name>
         <value>0x78b</value>
         <object_component_ref idref="oc-c3"/>
      </symbol>
      <symbol id="sm-4bc">
         <name>SysCtlPeripheralPowerOn</name>
         <value>0x409</value>
         <object_component_ref idref="oc-c3"/>
      </symbol>
      <symbol id="sm-4bd">
         <name>SysCtlPeripheralDeepSleepDisable</name>
         <value>0x659</value>
         <object_component_ref idref="oc-c3"/>
      </symbol>
      <symbol id="sm-4be">
         <name>SysCtlPeripheralSleepDisable</name>
         <value>0x5cd</value>
         <object_component_ref idref="oc-c3"/>
      </symbol>
      <symbol id="sm-4bf">
         <name>SysCtlVCOGet</name>
         <value>0x10a1</value>
         <object_component_ref idref="oc-c3"/>
      </symbol>
      <symbol id="sm-4c0">
         <name>SysCtlResetBehaviorSet</name>
         <value>0x871</value>
         <object_component_ref idref="oc-c3"/>
      </symbol>
      <symbol id="sm-4c1">
         <name>SysCtlReset</name>
         <value>0x7c5</value>
         <object_component_ref idref="oc-c3"/>
      </symbol>
      <symbol id="sm-4c2">
         <name>SysCtlGPIOAHBDisable</name>
         <value>0x1033</value>
         <object_component_ref idref="oc-c3"/>
      </symbol>
      <symbol id="sm-4c3">
         <name>SysCtlSRAMSizeGet</name>
         <value>0x32d</value>
         <object_component_ref idref="oc-c3"/>
      </symbol>
      <symbol id="sm-4c4">
         <name>SysCtlClockGet</name>
         <value>0xd99</value>
         <object_component_ref idref="oc-c3"/>
      </symbol>
      <symbol id="sm-4c5">
         <name>SysCtlPeripheralDisable</name>
         <value>0x545</value>
         <object_component_ref idref="oc-c3"/>
      </symbol>
      <symbol id="sm-4c6">
         <name>SysCtlPWMClockSet</name>
         <value>0xfe7</value>
         <object_component_ref idref="oc-c3"/>
      </symbol>
      <symbol id="sm-4c7">
         <name>SysCtlUSBPLLEnable</name>
         <value>0x104f</value>
         <object_component_ref idref="oc-c3"/>
      </symbol>
      <symbol id="sm-4c8">
         <name>SysCtlPeripheralSleepEnable</name>
         <value>0x589</value>
         <object_component_ref idref="oc-c3"/>
      </symbol>
      <symbol id="sm-4c9">
         <name>SysCtlIntUnregister</name>
         <value>0x70d</value>
         <object_component_ref idref="oc-c3"/>
      </symbol>
      <symbol id="sm-4ca">
         <name>SysCtlUSBPLLDisable</name>
         <value>0x105b</value>
         <object_component_ref idref="oc-c3"/>
      </symbol>
      <symbol id="sm-4cb">
         <name>SysCtlPeripheralReady</name>
         <value>0x3c9</value>
         <object_component_ref idref="oc-c3"/>
      </symbol>
      <symbol id="sm-4cc">
         <name>SysCtlPIOSCCalibrate</name>
         <value>0x821</value>
         <object_component_ref idref="oc-c3"/>
      </symbol>
      <symbol id="sm-4cd">
         <name>SysCtlResetCauseClear</name>
         <value>0x7f7</value>
         <object_component_ref idref="oc-c3"/>
      </symbol>
      <symbol id="sm-4ce">
         <name>SysCtlLDOSleepGet</name>
         <value>0x785</value>
         <object_component_ref idref="oc-c3"/>
      </symbol>
      <symbol id="sm-4cf">
         <name>SysCtlClockFreqSet</name>
         <value>0x8d1</value>
         <object_component_ref idref="oc-c3"/>
      </symbol>
      <symbol id="sm-4d0">
         <name>SysCtlPeripheralReset</name>
         <value>0x481</value>
         <object_component_ref idref="oc-c3"/>
      </symbol>
      <symbol id="sm-526">
         <name>__TI_zero_init_nomemset</name>
         <value>0x2de5</value>
         <object_component_ref idref="oc-47"/>
      </symbol>
      <symbol id="sm-53c">
         <name>__stack</name>
         <value>0x20000270</value>
         <object_component_ref idref="oc-24"/>
      </symbol>
      <symbol id="sm-53d">
         <name>_c_int00_noargs</name>
         <value>0x2db1</value>
         <object_component_ref idref="oc-59"/>
      </symbol>
      <symbol id="sm-568">
         <name>__TI_auto_init_nobinit_nopinit</name>
         <value>0x2d2d</value>
         <object_component_ref idref="oc-e2"/>
      </symbol>
      <symbol id="sm-572">
         <name>_system_pre_init</name>
         <value>0x2e13</value>
         <object_component_ref idref="oc-95"/>
      </symbol>
      <symbol id="sm-57e">
         <name>C$$EXIT</name>
         <value>0x2e17</value>
         <object_component_ref idref="oc-d6"/>
      </symbol>
      <symbol id="sm-57f">
         <name>abort</name>
         <value>0x2e17</value>
         <object_component_ref idref="oc-d6"/>
      </symbol>
      <symbol id="sm-582">
         <name>__TI_static_base__</name>
         <value>0x0</value>
      </symbol>
      <symbol id="sm-584">
         <name>__mpu_init</name>
         <value>0x0</value>
      </symbol>
      <symbol id="sm-585">
         <name>_system_post_cinit</name>
         <value>0x0</value>
      </symbol>
   </symbol_table>
   <title>Link successful</title>
</link_info>
